
> automation-factory-lite-ui@1.0.0 dev
> next dev --hostname 0.0.0.0 --port 13000

   ▲ Next.js 15.0.4
   - Local:        http://localhost:13000
   - Network:      http://0.0.0.0:13000

 ✓ Starting...
 ✓ Ready in 1809ms
 ○ Compiling / ...
 ✓ Compiled / in 2.5s (610 modules)
 ⚠ Fast Refresh had to perform a full reload due to a runtime error.
 GET /_next/static/webpack/ac79e6efa2f626e8.webpack.hot-update.json 404 in 2720ms
 GET / 200 in 2692ms
 GET / 200 in 65ms
 ○ Compiling /servicenow-connector ...
 ✓ Compiled /servicenow-connector in 837ms (631 modules)
 GET /servicenow-connector 200 in 894ms
 GET /servicenow-connector 200 in 15ms
 ✓ Compiled /approvals in 224ms (624 modules)
 GET /approvals 200 in 323ms
 ✓ Compiled /execution in 178ms (628 modules)
 GET /execution 200 in 207ms
 GET /approvals 200 in 13ms
[?25h
